Accuracy: 0.8820224719101124

              precision    recall  f1-score   support

       False       0.89      0.98      0.93       455
        True       0.74      0.32      0.44        79

    accuracy                           0.88       534
   macro avg       0.81      0.65      0.69       534
weighted avg       0.87      0.88      0.86       534

